warning: The vcpkg D:\a\kotek\kotek\vcpkg\vcpkg.exe is using detected vcpkg root D:\a\kotek\kotek\vcpkg and ignoring mismatched VCPKG_ROOT environment value C:\Program Files\Microsoft Visual Studio\2022\Enterprise\VC\vcpkg. To suppress this message, unset the environment variable or use the --vcpkg-root command line switch.
Computing installation plan...
The following packages will be built and installed:
  * egl-registry:x64-windows-static@2025-05-27
    ktx:x64-windows-static@4.4.2
  * opengl-registry:x64-windows-static@2026-01-26
Additional packages (*) will be modified to complete this operation.
Detecting compiler hash for triplet x64-windows-static...
Compiler found: C:/Program Files/Microsoft Visual Studio/2022/Enterprise/VC/Tools/MSVC/14.44.35207/bin/Hostx64/x64/cl.exe
Restored 0 package(s) from C:\Users\runneradmin\AppData\Local\vcpkg\archives in 99.2 us. Use --debug to see more details.
Installing 1/3 egl-registry:x64-windows-static@2025-05-27...
egl-registry:x64-windows-static@2025-05-27 package ABI: b8ebb95e3c47e227dd3d5debd1d6df8829337144f057e1bf208f84d393becd88
Building egl-registry:x64-windows-static@2025-05-27...
Downloading https://github.com/KhronosGroup/EGL-Registry/archive/3ae2b7c48690d2ce13cc6db3db02dfc0572be65e.tar.gz -> KhronosGroup-EGL-Registry-3ae2b7c48690d2ce13cc6db3db02dfc0572be65e.tar.gz
Successfully downloaded KhronosGroup-EGL-Registry-3ae2b7c48690d2ce13cc6db3db02dfc0572be65e.tar.gz
-- Extracting source D:/a/kotek/kotek/vcpkg/downloads/KhronosGroup-EGL-Registry-3ae2b7c48690d2ce13cc6db3db02dfc0572be65e.tar.gz
-- Using source at D:/a/kotek/kotek/vcpkg/buildtrees/egl-registry/src/c0572be65e-4257a9ad9b.clean
-- Installing: D:/a/kotek/kotek/vcpkg/packages/egl-registry_x64-windows-static/share/egl-registry/copyright
-- Performing post-build validation
Starting submission of egl-registry:x64-windows-static@2025-05-27 to 1 binary cache(s) in the background
Elapsed time to handle egl-registry:x64-windows-static: 763 ms
Installing 2/3 opengl-registry:x64-windows-static@2026-01-26...
opengl-registry:x64-windows-static@2026-01-26 package ABI: 2188b6317781030d0a56f35b04eb45418749bedc716349bbd12e3a4be9fb9085
Building opengl-registry:x64-windows-static@2026-01-26...
Downloading https://github.com/KhronosGroup/OpenGL-Registry/archive/0b449b97cdf1043eef5e1f0e235cbbab6ec10c86.tar.gz -> KhronosGroup-OpenGL-Registry-0b449b97cdf1043eef5e1f0e235cbbab6ec10c86.tar.gz
Successfully downloaded KhronosGroup-OpenGL-Registry-0b449b97cdf1043eef5e1f0e235cbbab6ec10c86.tar.gz
-- Extracting source D:/a/kotek/kotek/vcpkg/downloads/KhronosGroup-OpenGL-Registry-0b449b97cdf1043eef5e1f0e235cbbab6ec10c86.tar.gz
-- Using source at D:/a/kotek/kotek/vcpkg/buildtrees/opengl-registry/src/ab6ec10c86-88344330ab.clean
-- Installing: D:/a/kotek/kotek/vcpkg/packages/opengl-registry_x64-windows-static/share/opengl-registry/copyright
-- Performing post-build validation
Starting submission of opengl-registry:x64-windows-static@2026-01-26 to 1 binary cache(s) in the background
Elapsed time to handle opengl-registry:x64-windows-static: 7.4 s
Completed submission of egl-registry:x64-windows-static@2025-05-27 to 1 binary cache(s) in 65.4 ms
Installing 3/3 ktx:x64-windows-static@4.4.2...
ktx:x64-windows-static@4.4.2 package ABI: 662ecf8ed6206d0c97428f25c94e1d28a6d708e6e26cfcad6f97242446113b27
Building ktx:x64-windows-static@4.4.2...
Downloading https://github.com/KhronosGroup/KTX-Software/archive/v4.4.2.tar.gz -> KhronosGroup-KTX-Software-v4.4.2.tar.gz
Successfully downloaded KhronosGroup-KTX-Software-v4.4.2.tar.gz
-- Extracting source D:/a/kotek/kotek/vcpkg/downloads/KhronosGroup-KTX-Software-v4.4.2.tar.gz
-- Applying patch 0001-Use-vcpkg-zstd.patch
-- Applying patch 0003-mkversion.patch
-- Applying patch 0004-quirks.patch
-- Applying patch 0005-no-vendored-libs.patch
-- Applying patch 0006-fix-ios-install.patch
-- Applying patch ktxread-libtool.diff
-- Using source at D:/a/kotek/kotek/vcpkg/buildtrees/ktx/src/v4.4.2-16f9ed2e07.clean
Downloading util-linux-2.40.2-2-x86_64.pkg.tar.zst, trying https://mirror.msys2.org/msys/x86_64/util-linux-2.40.2-2-x86_64.pkg.tar.zst
Successfully downloaded util-linux-2.40.2-2-x86_64.pkg.tar.zst
Downloading dos2unix-7.5.2-1-x86_64.pkg.tar.zst, trying https://mirror.msys2.org/msys/x86_64/dos2unix-7.5.2-1-x86_64.pkg.tar.zst
Successfully downloaded dos2unix-7.5.2-1-x86_64.pkg.tar.zst
Downloading msys2-bash-5.3.009-1-x86_64.pkg.tar.zst, trying https://mirror.msys2.org/msys/x86_64/bash-5.3.009-1-x86_64.pkg.tar.zst
Successfully downloaded msys2-bash-5.3.009-1-x86_64.pkg.tar.zst
Downloading msys2-coreutils-8.32-5-x86_64.pkg.tar.zst, trying https://mirror.msys2.org/msys/x86_64/coreutils-8.32-5-x86_64.pkg.tar.zst
Successfully downloaded msys2-coreutils-8.32-5-x86_64.pkg.tar.zst
Downloading msys2-file-5.46-2-x86_64.pkg.tar.zst, trying https://mirror.msys2.org/msys/x86_64/file-5.46-2-x86_64.pkg.tar.zst
Successfully downloaded msys2-file-5.46-2-x86_64.pkg.tar.zst
Downloading msys2-gawk-5.3.2-1-x86_64.pkg.tar.zst, trying https://mirror.msys2.org/msys/x86_64/gawk-5.3.2-1-x86_64.pkg.tar.zst
Successfully downloaded msys2-gawk-5.3.2-1-x86_64.pkg.tar.zst
Downloading msys2-grep-1~3.0-7-x86_64.pkg.tar.zst, trying https://mirror.msys2.org/msys/x86_64/grep-1~3.0-7-x86_64.pkg.tar.zst
Successfully downloaded msys2-grep-1~3.0-7-x86_64.pkg.tar.zst
Downloading msys2-gzip-1.14-1-x86_64.pkg.tar.zst, trying https://mirror.msys2.org/msys/x86_64/gzip-1.14-1-x86_64.pkg.tar.zst
Successfully downloaded msys2-gzip-1.14-1-x86_64.pkg.tar.zst
Downloading msys2-diffutils-3.12-1-x86_64.pkg.tar.zst, trying https://mirror.msys2.org/msys/x86_64/diffutils-3.12-1-x86_64.pkg.tar.zst
Successfully downloaded msys2-diffutils-3.12-1-x86_64.pkg.tar.zst
Downloading msys2-make-4.4.1-2-x86_64.pkg.tar.zst, trying https://mirror.msys2.org/msys/x86_64/make-4.4.1-2-x86_64.pkg.tar.zst
Successfully downloaded msys2-make-4.4.1-2-x86_64.pkg.tar.zst
Downloading msys2-pkgconf-2.5.1-1-x86_64.pkg.tar.zst, trying https://mirror.msys2.org/msys/x86_64/pkgconf-2.5.1-1-x86_64.pkg.tar.zst
Successfully downloaded msys2-pkgconf-2.5.1-1-x86_64.pkg.tar.zst
Downloading msys2-sed-4.9-1-x86_64.pkg.tar.zst, trying https://mirror.msys2.org/msys/x86_64/sed-4.9-1-x86_64.pkg.tar.zst
Successfully downloaded msys2-sed-4.9-1-x86_64.pkg.tar.zst
-- Using cached msys2-msys2-runtime-3.6.5-1-x86_64.pkg.tar.zst
Downloading msys2-libiconv-1.18-1-x86_64.pkg.tar.zst, trying https://mirror.msys2.org/msys/x86_64/libiconv-1.18-1-x86_64.pkg.tar.zst
Successfully downloaded msys2-libiconv-1.18-1-x86_64.pkg.tar.zst
Downloading msys2-libintl-0.22.5-1-x86_64.pkg.tar.zst, trying https://mirror.msys2.org/msys/x86_64/libintl-0.22.5-1-x86_64.pkg.tar.zst
Successfully downloaded msys2-libintl-0.22.5-1-x86_64.pkg.tar.zst
Downloading msys2-gmp-6.3.0-2-x86_64.pkg.tar.zst, trying https://mirror.msys2.org/msys/x86_64/gmp-6.3.0-2-x86_64.pkg.tar.zst
Successfully downloaded msys2-gmp-6.3.0-2-x86_64.pkg.tar.zst
Downloading msys2-gcc-libs-15.2.0-1-x86_64.pkg.tar.zst, trying https://mirror.msys2.org/msys/x86_64/gcc-libs-15.2.0-1-x86_64.pkg.tar.zst
Successfully downloaded msys2-gcc-libs-15.2.0-1-x86_64.pkg.tar.zst
Downloading msys2-libbz2-1.0.8-4-x86_64.pkg.tar.zst, trying https://mirror.msys2.org/msys/x86_64/libbz2-1.0.8-4-x86_64.pkg.tar.zst
Successfully downloaded msys2-libbz2-1.0.8-4-x86_64.pkg.tar.zst
Downloading msys2-liblzma-5.8.2-1-x86_64.pkg.tar.zst, trying https://mirror.msys2.org/msys/x86_64/liblzma-5.8.2-1-x86_64.pkg.tar.zst
Successfully downloaded msys2-liblzma-5.8.2-1-x86_64.pkg.tar.zst
Downloading msys2-libzstd-1.5.7-1-x86_64.pkg.tar.zst, trying https://mirror.msys2.org/msys/x86_64/libzstd-1.5.7-1-x86_64.pkg.tar.zst
Successfully downloaded msys2-libzstd-1.5.7-1-x86_64.pkg.tar.zst
Downloading msys2-zlib-1.3.1-1-x86_64.pkg.tar.zst, trying https://mirror.msys2.org/msys/x86_64/zlib-1.3.1-1-x86_64.pkg.tar.zst
Successfully downloaded msys2-zlib-1.3.1-1-x86_64.pkg.tar.zst
Downloading msys2-libreadline-8.3.003-1-x86_64.pkg.tar.zst, trying https://mirror.msys2.org/msys/x86_64/libreadline-8.3.003-1-x86_64.pkg.tar.zst
Successfully downloaded msys2-libreadline-8.3.003-1-x86_64.pkg.tar.zst
Downloading msys2-mpfr-4.2.2-1-x86_64.pkg.tar.zst, trying https://mirror.msys2.org/msys/x86_64/mpfr-4.2.2-1-x86_64.pkg.tar.zst
Successfully downloaded msys2-mpfr-4.2.2-1-x86_64.pkg.tar.zst
Downloading msys2-libpcre-8.45-5-x86_64.pkg.tar.zst, trying https://mirror.msys2.org/msys/x86_64/libpcre-8.45-5-x86_64.pkg.tar.zst
Successfully downloaded msys2-libpcre-8.45-5-x86_64.pkg.tar.zst
Downloading msys2-ncurses-6.5.20240831-2-x86_64.pkg.tar.zst, trying https://mirror.msys2.org/msys/x86_64/ncurses-6.5.20240831-2-x86_64.pkg.tar.zst
Successfully downloaded msys2-ncurses-6.5.20240831-2-x86_64.pkg.tar.zst
-- Using msys root at D:/a/kotek/kotek/vcpkg/downloads/tools/msys2/11c4eca3c32a9c33
warning: The vcpkg D:\a\kotek\kotek\vcpkg\vcpkg.exe is using detected vcpkg root D:\a\kotek\kotek\vcpkg and ignoring mismatched VCPKG_ROOT environment value C:\Program Files\Microsoft Visual Studio\2022\Enterprise\VC\vcpkg. To suppress this message, unset the environment variable or use the --vcpkg-root command line switch.
-- Configuring x64-windows-static-dbg
-- Configuring x64-windows-static-rel
-- Building x64-windows-static-dbg
-- Building x64-windows-static-rel
-- Installing: D:/a/kotek/kotek/vcpkg/packages/ktx_x64-windows-static/share/ktx/copyright
-- Performing post-build validation
Starting submission of ktx:x64-windows-static@4.4.2 to 1 binary cache(s) in the background
Elapsed time to handle ktx:x64-windows-static: 1.8 min
Total install time: 1.9 min
Installed contents are licensed to you by owners. Microsoft is not responsible for, nor does it grant any licenses to, third-party packages.
Some packages did not declare an SPDX license. Check the `copyright` file for each package for more information about their licensing.
Packages installed in this vcpkg installation declare the following licenses:
Apache-2.0
ktx provides CMake targets:

  # this is heuristically generated, and may not be correct
  find_package(Ktx CONFIG REQUIRED)
  target_link_libraries(main PRIVATE KTX::ktx KTX::astcenc-avx2-static)

Completed submission of opengl-registry:x64-windows-static@2026-01-26 to 1 binary cache(s) in 285 ms
Waiting for 1 remaining binary cache submissions...
Completed submission of ktx:x64-windows-static@4.4.2 to 1 binary cache(s) in 2.1 s (1/1)
All requested installations completed successfully in: 1.9 min
