warning: The vcpkg D:\a\kotek\kotek\vcpkg\vcpkg.exe is using detected vcpkg root D:\a\kotek\kotek\vcpkg and ignoring mismatched VCPKG_ROOT environment value C:\Program Files\Microsoft Visual Studio\2022\Enterprise\VC\vcpkg. To suppress this message, unset the environment variable or use the --vcpkg-root command line switch.
Computing installation plan...
The following packages will be built and installed:
    glfw3:x64-windows-static@3.4#1
Detecting compiler hash for triplet x64-windows-static...
Compiler found: C:/Program Files/Microsoft Visual Studio/2022/Enterprise/VC/Tools/MSVC/14.44.35207/bin/Hostx64/x64/cl.exe
Restored 0 package(s) from C:\Users\runneradmin\AppData\Local\vcpkg\archives in 59.1 us. Use --debug to see more details.
Installing 1/1 glfw3:x64-windows-static@3.4#1...
glfw3:x64-windows-static@3.4#1 package ABI: 41ad8bc1369662a68ca91650120bdf79a1ca6e18cae3a2702c14c5bd97abf981
Building glfw3:x64-windows-static@3.4#1...
Downloading https://github.com/glfw/glfw/archive/3.4.tar.gz -> glfw-glfw-3.4.tar.gz
Successfully downloaded glfw-glfw-3.4.tar.gz
-- Extracting source D:/a/kotek/kotek/vcpkg/downloads/glfw-glfw-3.4.tar.gz
-- Using source at D:/a/kotek/kotek/vcpkg/buildtrees/glfw3/src/3.4-2448ff4533.clean
warning: The vcpkg D:\a\kotek\kotek\vcpkg\vcpkg.exe is using detected vcpkg root D:\a\kotek\kotek\vcpkg and ignoring mismatched VCPKG_ROOT environment value C:\Program Files\Microsoft Visual Studio\2022\Enterprise\VC\vcpkg. To suppress this message, unset the environment variable or use the --vcpkg-root command line switch.
-- Configuring x64-windows-static
-- Building x64-windows-static-dbg
-- Building x64-windows-static-rel
-- Fixing pkgconfig file: D:/a/kotek/kotek/vcpkg/packages/glfw3_x64-windows-static/lib/pkgconfig/glfw3.pc
-- Using cached msys2-mingw-w64-x86_64-pkgconf-1~2.5.1-1-any.pkg.tar.zst
-- Using cached msys2-msys2-runtime-3.6.5-1-x86_64.pkg.tar.zst
-- Using msys root at D:/a/kotek/kotek/vcpkg/downloads/tools/msys2/3e71d1f8e22ab23f
-- Fixing pkgconfig file: D:/a/kotek/kotek/vcpkg/packages/glfw3_x64-windows-static/debug/lib/pkgconfig/glfw3.pc
-- Installing: D:/a/kotek/kotek/vcpkg/packages/glfw3_x64-windows-static/share/glfw3/copyright
-- Performing post-build validation
Starting submission of glfw3:x64-windows-static@3.4#1 to 1 binary cache(s) in the background
Elapsed time to handle glfw3:x64-windows-static: 5.8 s
Total install time: 5.8 s
Installed contents are licensed to you by owners. Microsoft is not responsible for, nor does it grant any licenses to, third-party packages.
Packages installed in this vcpkg installation declare the following licenses:
Zlib
glfw3 provides CMake targets:

  # this is heuristically generated, and may not be correct
  find_package(glfw3 CONFIG REQUIRED)
  target_link_libraries(main PRIVATE glfw)

glfw3 provides pkg-config modules:

  # A multi-platform library for OpenGL, window and input
  glfw3

Waiting for 1 remaining binary cache submissions...
Completed submission of glfw3:x64-windows-static@3.4#1 to 1 binary cache(s) in 307 ms (1/1)
All requested installations completed successfully in: 5.8 s
