warning: The vcpkg D:\a\kotek\kotek\vcpkg\vcpkg.exe is using detected vcpkg root D:\a\kotek\kotek\vcpkg and ignoring mismatched VCPKG_ROOT environment value C:\Program Files\Microsoft Visual Studio\2022\Enterprise\VC\vcpkg. To suppress this message, unset the environment variable or use the --vcpkg-root command line switch.
Computing installation plan...
The following packages will be built and installed:
    dav1d:x64-windows-static@1.5.3
Detecting compiler hash for triplet x64-windows-static...
Compiler found: C:/Program Files/Microsoft Visual Studio/2022/Enterprise/VC/Tools/MSVC/14.44.35207/bin/Hostx64/x64/cl.exe
Restored 0 package(s) from C:\Users\runneradmin\AppData\Local\vcpkg\archives in 51.3 us. Use --debug to see more details.
Installing 1/1 dav1d:x64-windows-static@1.5.3...
dav1d:x64-windows-static@1.5.3 package ABI: bcd91855ed71fa620be9270852dad934122a6ba4935c0f66b181fa0d47914977
Building dav1d:x64-windows-static@1.5.3...
-- Found Python version '3.14.2 at D:/a/kotek/kotek/vcpkg/downloads/tools/python/python-3.14.2-x64-1/python.exe'
-- Using meson: D:/a/kotek/kotek/vcpkg/downloads/tools/meson-1.9.0-12a69e/meson.py
Downloading https://github.com/videolan/dav1d/archive/1.5.3.tar.gz -> videolan-dav1d-1.5.3.tar.gz
Successfully downloaded videolan-dav1d-1.5.3.tar.gz
-- Extracting source D:/a/kotek/kotek/vcpkg/downloads/videolan-dav1d-1.5.3.tar.gz
-- Using source at D:/a/kotek/kotek/vcpkg/buildtrees/dav1d/src/1.5.3-f15718dea2.clean
Downloading nasm-3.01-win64.zip, trying https://www.nasm.us/pub/nasm/releasebuilds/3.01/win64/nasm-3.01-win64.zip
Successfully downloaded nasm-3.01-win64.zip
warning: The vcpkg D:\a\kotek\kotek\vcpkg\vcpkg.exe is using detected vcpkg root D:\a\kotek\kotek\vcpkg and ignoring mismatched VCPKG_ROOT environment value C:\Program Files\Microsoft Visual Studio\2022\Enterprise\VC\vcpkg. To suppress this message, unset the environment variable or use the --vcpkg-root command line switch.
-- Using cached msys2-mingw-w64-x86_64-pkgconf-1~2.5.1-1-any.pkg.tar.zst
-- Using cached msys2-msys2-runtime-3.6.5-1-x86_64.pkg.tar.zst
-- Using msys root at D:/a/kotek/kotek/vcpkg/downloads/tools/msys2/3e71d1f8e22ab23f
-- Configuring x64-windows-static-dbg
-- Getting CMake variables for x64-windows-static
-- Loading CMake variables from D:/a/kotek/kotek/vcpkg/buildtrees/dav1d/cmake-get-vars_C_CXX-x64-windows-static.cmake.log
-- Configuring x64-windows-static-dbg done
-- Configuring x64-windows-static-rel
-- Configuring x64-windows-static-rel done
-- Package x64-windows-static-dbg
-- Package x64-windows-static-rel
-- Fixing pkgconfig file: D:/a/kotek/kotek/vcpkg/packages/dav1d_x64-windows-static/lib/pkgconfig/dav1d.pc
-- Fixing pkgconfig file: D:/a/kotek/kotek/vcpkg/packages/dav1d_x64-windows-static/debug/lib/pkgconfig/dav1d.pc
-- Installing: D:/a/kotek/kotek/vcpkg/packages/dav1d_x64-windows-static/share/dav1d/usage
-- Installing: D:/a/kotek/kotek/vcpkg/packages/dav1d_x64-windows-static/share/dav1d/copyright
-- Performing post-build validation
Starting submission of dav1d:x64-windows-static@1.5.3 to 1 binary cache(s) in the background
Elapsed time to handle dav1d:x64-windows-static: 2.5 min
Total install time: 2.5 min
Installed contents are licensed to you by owners. Microsoft is not responsible for, nor does it grant any licenses to, third-party packages.
Packages installed in this vcpkg installation declare the following licenses:
BSD-2-Clause
The package dav1d can be imported via CMake FindPkgConfig module:

    find_package(PkgConfig REQUIRED)
    pkg_check_modules(dav1d REQUIRED IMPORTED_TARGET dav1d)
    target_link_libraries(main PkgConfig::dav1d)
    
Waiting for 1 remaining binary cache submissions...
Completed submission of dav1d:x64-windows-static@1.5.3 to 1 binary cache(s) in 617 ms (1/1)
All requested installations completed successfully in: 2.5 min
