warning: The vcpkg D:\a\kotek\kotek\vcpkg\vcpkg.exe is using detected vcpkg root D:\a\kotek\kotek\vcpkg and ignoring mismatched VCPKG_ROOT environment value C:\Program Files\Microsoft Visual Studio\2022\Enterprise\VC\vcpkg. To suppress this message, unset the environment variable or use the --vcpkg-root command line switch.
Computing installation plan...
The following packages will be built and installed:
    tracy[core,crash-handler]:x64-windows-static@0.13.1
Detecting compiler hash for triplet x64-windows-static...
Compiler found: C:/Program Files/Microsoft Visual Studio/2022/Enterprise/VC/Tools/MSVC/14.44.35207/bin/Hostx64/x64/cl.exe
Restored 0 package(s) from C:\Users\runneradmin\AppData\Local\vcpkg\archives in 64 us. Use --debug to see more details.
Installing 1/1 tracy[core,crash-handler]:x64-windows-static@0.13.1...
tracy[core,crash-handler]:x64-windows-static@0.13.1 package ABI: 24aa1b5b133815d56cb24507c76a9ce2e671d1df15153d0f695ef393fd6bd813
Building tracy[core,crash-handler]:x64-windows-static@0.13.1...
Downloading https://github.com/wolfpld/tracy/archive/v0.13.1.tar.gz -> wolfpld-tracy-v0.13.1.tar.gz
Successfully downloaded wolfpld-tracy-v0.13.1.tar.gz
-- Extracting source D:/a/kotek/kotek/vcpkg/downloads/wolfpld-tracy-v0.13.1.tar.gz
-- Applying patch build-tools.patch
-- Applying patch fix-vendor-versions.patch
-- Applying patch fix-imgui-patch.patch
-- Applying patch downgrade-capstone-5.patch
-- Using source at D:/a/kotek/kotek/vcpkg/buildtrees/tracy/src/v0.13.1-f213d4969a.clean
warning: The vcpkg D:\a\kotek\kotek\vcpkg\vcpkg.exe is using detected vcpkg root D:\a\kotek\kotek\vcpkg and ignoring mismatched VCPKG_ROOT environment value C:\Program Files\Microsoft Visual Studio\2022\Enterprise\VC\vcpkg. To suppress this message, unset the environment variable or use the --vcpkg-root command line switch.
-- Configuring x64-windows-static
-- Building x64-windows-static-dbg
-- Building x64-windows-static-rel
-- Installing: D:/a/kotek/kotek/vcpkg/packages/tracy_x64-windows-static/share/tracy/copyright
-- Performing post-build validation
Starting submission of tracy[core,crash-handler]:x64-windows-static@0.13.1 to 1 binary cache(s) in the background
Elapsed time to handle tracy:x64-windows-static: 6.9 s
Total install time: 6.9 s
Installed contents are licensed to you by owners. Microsoft is not responsible for, nor does it grant any licenses to, third-party packages.
Packages installed in this vcpkg installation declare the following licenses:
BSD-3-Clause
tracy provides CMake targets:

  # this is heuristically generated, and may not be correct
  find_package(Tracy CONFIG REQUIRED)
  target_link_libraries(main PRIVATE Tracy::TracyClient)

Waiting for 1 remaining binary cache submissions...
Completed submission of tracy[core,crash-handler]:x64-windows-static@0.13.1 to 1 binary cache(s) in 311 ms (1/1)
All requested installations completed successfully in: 6.9 s
