warning: The vcpkg D:\a\kotek\kotek\vcpkg\vcpkg.exe is using detected vcpkg root D:\a\kotek\kotek\vcpkg and ignoring mismatched VCPKG_ROOT environment value C:\Program Files\Microsoft Visual Studio\2022\Enterprise\VC\vcpkg. To suppress this message, unset the environment variable or use the --vcpkg-root command line switch.
Computing installation plan...
The following packages will be built and installed:
  * boost-assert:x64-windows-static@1.91.0
  * boost-cmake:x64-windows-static@1.91.0
  * boost-compat:x64-windows-static@1.91.0
  * boost-config:x64-windows-static@1.91.0
  * boost-container:x64-windows-static@1.91.0
  * boost-container-hash:x64-windows-static@1.91.0
  * boost-core:x64-windows-static@1.91.0
  * boost-describe:x64-windows-static@1.91.0
  * boost-endian:x64-windows-static@1.91.0
  * boost-headers:x64-windows-static@1.91.0
  * boost-intrusive:x64-windows-static@1.91.0
    boost-json:x64-windows-static@1.91.0
  * boost-move:x64-windows-static@1.91.0
  * boost-mp11:x64-windows-static@1.91.0
  * boost-predef:x64-windows-static@1.91.0
  * boost-system:x64-windows-static@1.91.0
  * boost-throw-exception:x64-windows-static@1.91.0
  * boost-uninstall:x64-windows-static@1.91.0
  * boost-variant2:x64-windows-static@1.91.0
  * boost-winapi:x64-windows-static@1.91.0
  * vcpkg-boost:x64-windows@2025-03-29
Additional packages (*) will be modified to complete this operation.
Detecting compiler hash for triplet x64-windows-static...
Compiler found: C:/Program Files/Microsoft Visual Studio/2022/Enterprise/VC/Tools/MSVC/14.44.35207/bin/Hostx64/x64/cl.exe
Detecting compiler hash for triplet x64-windows...
Compiler found: C:/Program Files/Microsoft Visual Studio/2022/Enterprise/VC/Tools/MSVC/14.44.35207/bin/Hostx64/x64/cl.exe
Restored 0 package(s) from C:\Users\runneradmin\AppData\Local\vcpkg\archives in 386 us. Use --debug to see more details.
Installing 1/21 boost-uninstall:x64-windows-static@1.91.0...
boost-uninstall:x64-windows-static@1.91.0 package ABI: 074721f47d8337e1abaa1bdf8443012e85784b18b5c30bc865c42c8923af588e
Building boost-uninstall:x64-windows-static@1.91.0...
-- 
Please use the following command when you need to remove all boost ports/components:
    "./vcpkg remove boost-uninstall:x64-windows-static --recurse"

-- Skipping post-build validation due to VCPKG_POLICY_EMPTY_PACKAGE
Starting submission of boost-uninstall:x64-windows-static@1.91.0 to 1 binary cache(s) in the background
Elapsed time to handle boost-uninstall:x64-windows-static: 39.8 ms
Installing 2/21 vcpkg-boost:x64-windows@2025-03-29...
vcpkg-boost:x64-windows@2025-03-29 package ABI: 8d625af83031e20cd146691c45f718395aee43f15f97389bed699673d3759299
Building vcpkg-boost:x64-windows@2025-03-29...
-- Installing: D:/a/kotek/kotek/vcpkg/packages/vcpkg-boost_x64-windows/share/vcpkg-boost/usage.in
-- Installing: D:/a/kotek/kotek/vcpkg/packages/vcpkg-boost_x64-windows/share/vcpkg-boost/boost-install.cmake
-- Installing: D:/a/kotek/kotek/vcpkg/packages/vcpkg-boost_x64-windows/share/vcpkg-boost/vcpkg-port-config.cmake
-- Installing: D:/a/kotek/kotek/vcpkg/packages/vcpkg-boost_x64-windows/share/vcpkg-boost/copyright
-- Performing post-build validation
Starting submission of vcpkg-boost:x64-windows@2025-03-29 to 1 binary cache(s) in the background
Elapsed time to handle vcpkg-boost:x64-windows: 58.9 ms
Completed submission of boost-uninstall:x64-windows-static@1.91.0 to 1 binary cache(s) in 54.1 ms
Installing 3/21 boost-cmake:x64-windows-static@1.91.0...
boost-cmake:x64-windows-static@1.91.0 package ABI: 9f898783825e671d3ac58ae5ae42364fa593cdfbbcb141414cf3845878814c07
Building boost-cmake:x64-windows-static@1.91.0...
Downloading https://github.com/boostorg/cmake/archive/boost-1.91.0.tar.gz -> boostorg-cmake-boost-1.91.0.tar.gz
Successfully downloaded boostorg-cmake-boost-1.91.0.tar.gz
-- Extracting source D:/a/kotek/kotek/vcpkg/downloads/boostorg-cmake-boost-1.91.0.tar.gz
-- Applying patch 0001-vcpkg-build.patch
-- Applying patch 0002-remove-prefix-and-suffix.patch
-- Using source at D:/a/kotek/kotek/vcpkg/buildtrees/boost-cmake/src/ost-1.91.0-b98b86c516.clean
warning: The vcpkg D:\a\kotek\kotek\vcpkg\vcpkg.exe is using detected vcpkg root D:\a\kotek\kotek\vcpkg and ignoring mismatched VCPKG_ROOT environment value C:\Program Files\Microsoft Visual Studio\2022\Enterprise\VC\vcpkg. To suppress this message, unset the environment variable or use the --vcpkg-root command line switch.
-- Configuring x64-windows-static
-- Building x64-windows-static-dbg
-- Building x64-windows-static-rel
-- Up-to-date: D:/a/kotek/kotek/vcpkg/packages/boost-cmake_x64-windows-static/share/boost/cmake-build
-- Installing: D:/a/kotek/kotek/vcpkg/packages/boost-cmake_x64-windows-static/share/boost/cmake-build/BoostFetch.cmake
-- Installing: D:/a/kotek/kotek/vcpkg/packages/boost-cmake_x64-windows-static/share/boost/cmake-build/BoostInstall.cmake
-- Installing: D:/a/kotek/kotek/vcpkg/packages/boost-cmake_x64-windows-static/share/boost/cmake-build/BoostMessage.cmake
-- Installing: D:/a/kotek/kotek/vcpkg/packages/boost-cmake_x64-windows-static/share/boost/cmake-build/BoostRoot.cmake
-- Installing: D:/a/kotek/kotek/vcpkg/packages/boost-cmake_x64-windows-static/share/boost/cmake-build/BoostTest.cmake
-- Installing: D:/a/kotek/kotek/vcpkg/packages/boost-cmake_x64-windows-static/share/boost/cmake-build/BoostTestJamfile.cmake
-- Installing: D:/a/kotek/kotek/vcpkg/packages/boost-cmake_x64-windows-static/share/boost-cmake/vcpkg-port-config.cmake
-- Installing: D:/a/kotek/kotek/vcpkg/packages/boost-cmake_x64-windows-static/share/boost-cmake/usage
Downloading https://raw.githubusercontent.com/boostorg/boost/refs/tags/boost-1.91.0/LICENSE_1_0.txt -> boost-1.91.0-LICENSE_1_0.txt
Successfully downloaded boost-1.91.0-LICENSE_1_0.txt
-- Installing: D:/a/kotek/kotek/vcpkg/packages/boost-cmake_x64-windows-static/share/boost-cmake/copyright
-- Performing post-build validation
Starting submission of boost-cmake:x64-windows-static@1.91.0 to 1 binary cache(s) in the background
Elapsed time to handle boost-cmake:x64-windows-static: 1 s
Completed submission of vcpkg-boost:x64-windows@2025-03-29 to 1 binary cache(s) in 62.4 ms
Installing 4/21 boost-headers:x64-windows-static@1.91.0...
boost-headers:x64-windows-static@1.91.0 package ABI: a8b83299509da40cfbc3eb02e333cb493b77e65e2b719de26194b06ba1f44da4
Building boost-headers:x64-windows-static@1.91.0...
Downloading https://github.com/boostorg/headers/archive/boost-1.91.0.tar.gz -> boostorg-headers-boost-1.91.0.tar.gz
Successfully downloaded boostorg-headers-boost-1.91.0.tar.gz
-- Extracting source D:/a/kotek/kotek/vcpkg/downloads/boostorg-headers-boost-1.91.0.tar.gz
-- Using source at D:/a/kotek/kotek/vcpkg/buildtrees/boost-headers/src/ost-1.91.0-deced4dad5.clean
warning: The vcpkg D:\a\kotek\kotek\vcpkg\vcpkg.exe is using detected vcpkg root D:\a\kotek\kotek\vcpkg and ignoring mismatched VCPKG_ROOT environment value C:\Program Files\Microsoft Visual Studio\2022\Enterprise\VC\vcpkg. To suppress this message, unset the environment variable or use the --vcpkg-root command line switch.
-- Configuring x64-windows-static
-- Building x64-windows-static-rel
-- Installing: D:/a/kotek/kotek/vcpkg/packages/boost-headers_x64-windows-static/share/boost-headers/copyright
-- Performing post-build validation
Starting submission of boost-headers:x64-windows-static@1.91.0 to 1 binary cache(s) in the background
Elapsed time to handle boost-headers:x64-windows-static: 1.5 s
Completed submission of boost-cmake:x64-windows-static@1.91.0 to 1 binary cache(s) in 56.2 ms
Installing 5/21 boost-config:x64-windows-static@1.91.0...
boost-config:x64-windows-static@1.91.0 package ABI: 082346005a5036dd735c7060a83c747f2c2b1be636174abc7b715fe34eb180d9
Building boost-config:x64-windows-static@1.91.0...
Downloading https://github.com/boostorg/config/archive/boost-1.91.0.tar.gz -> boostorg-config-boost-1.91.0.tar.gz
Successfully downloaded boostorg-config-boost-1.91.0.tar.gz
-- Extracting source D:/a/kotek/kotek/vcpkg/downloads/boostorg-config-boost-1.91.0.tar.gz
-- Using source at D:/a/kotek/kotek/vcpkg/buildtrees/boost-config/src/ost-1.91.0-8c93c1936b.clean
warning: The vcpkg D:\a\kotek\kotek\vcpkg\vcpkg.exe is using detected vcpkg root D:\a\kotek\kotek\vcpkg and ignoring mismatched VCPKG_ROOT environment value C:\Program Files\Microsoft Visual Studio\2022\Enterprise\VC\vcpkg. To suppress this message, unset the environment variable or use the --vcpkg-root command line switch.
-- Configuring x64-windows-static
-- Building x64-windows-static-rel
-- Installing: D:/a/kotek/kotek/vcpkg/packages/boost-config_x64-windows-static/share/boost-config/copyright
-- Performing post-build validation
Starting submission of boost-config:x64-windows-static@1.91.0 to 1 binary cache(s) in the background
Elapsed time to handle boost-config:x64-windows-static: 1.9 s
Completed submission of boost-headers:x64-windows-static@1.91.0 to 1 binary cache(s) in 53.4 ms
Installing 6/21 boost-assert:x64-windows-static@1.91.0...
boost-assert:x64-windows-static@1.91.0 package ABI: 01b7d387df30551807769f5141453029a7209ad3de295d5e1df652f6ad351adc
Building boost-assert:x64-windows-static@1.91.0...
Downloading https://github.com/boostorg/assert/archive/boost-1.91.0.tar.gz -> boostorg-assert-boost-1.91.0.tar.gz
Successfully downloaded boostorg-assert-boost-1.91.0.tar.gz
-- Extracting source D:/a/kotek/kotek/vcpkg/downloads/boostorg-assert-boost-1.91.0.tar.gz
-- Using source at D:/a/kotek/kotek/vcpkg/buildtrees/boost-assert/src/ost-1.91.0-cb8d01e109.clean
warning: The vcpkg D:\a\kotek\kotek\vcpkg\vcpkg.exe is using detected vcpkg root D:\a\kotek\kotek\vcpkg and ignoring mismatched VCPKG_ROOT environment value C:\Program Files\Microsoft Visual Studio\2022\Enterprise\VC\vcpkg. To suppress this message, unset the environment variable or use the --vcpkg-root command line switch.
-- Configuring x64-windows-static
-- Building x64-windows-static-rel
-- Installing: D:/a/kotek/kotek/vcpkg/packages/boost-assert_x64-windows-static/share/boost-assert/copyright
-- Performing post-build validation
Starting submission of boost-assert:x64-windows-static@1.91.0 to 1 binary cache(s) in the background
Elapsed time to handle boost-assert:x64-windows-static: 1.6 s
Completed submission of boost-config:x64-windows-static@1.91.0 to 1 binary cache(s) in 93 ms
Installing 7/21 boost-throw-exception:x64-windows-static@1.91.0...
boost-throw-exception:x64-windows-static@1.91.0 package ABI: a78682e6c83cb48e63f878eccd2afd1312c7f5e7e5449f38b1b2602e8d38fe4d
Building boost-throw-exception:x64-windows-static@1.91.0...
Downloading https://github.com/boostorg/throw_exception/archive/boost-1.91.0.tar.gz -> boostorg-throw_exception-boost-1.91.0.tar.gz
Successfully downloaded boostorg-throw_exception-boost-1.91.0.tar.gz
-- Extracting source D:/a/kotek/kotek/vcpkg/downloads/boostorg-throw_exception-boost-1.91.0.tar.gz
-- Using source at D:/a/kotek/kotek/vcpkg/buildtrees/boost-throw-exception/src/ost-1.91.0-34cc1d0ecf.clean
warning: The vcpkg D:\a\kotek\kotek\vcpkg\vcpkg.exe is using detected vcpkg root D:\a\kotek\kotek\vcpkg and ignoring mismatched VCPKG_ROOT environment value C:\Program Files\Microsoft Visual Studio\2022\Enterprise\VC\vcpkg. To suppress this message, unset the environment variable or use the --vcpkg-root command line switch.
-- Configuring x64-windows-static
-- Building x64-windows-static-rel
-- Installing: D:/a/kotek/kotek/vcpkg/packages/boost-throw-exception_x64-windows-static/share/boost-throw-exception/copyright
-- Performing post-build validation
Starting submission of boost-throw-exception:x64-windows-static@1.91.0 to 1 binary cache(s) in the background
Elapsed time to handle boost-throw-exception:x64-windows-static: 1.6 s
Completed submission of boost-assert:x64-windows-static@1.91.0 to 1 binary cache(s) in 55.4 ms
Installing 8/21 boost-compat:x64-windows-static@1.91.0...
boost-compat:x64-windows-static@1.91.0 package ABI: ad65bb1189f323434f267d9cc401579ac3f85a8a6270fa1ec201f17b3c4f4f0b
Building boost-compat:x64-windows-static@1.91.0...
Downloading https://github.com/boostorg/compat/archive/boost-1.91.0.tar.gz -> boostorg-compat-boost-1.91.0.tar.gz
Successfully downloaded boostorg-compat-boost-1.91.0.tar.gz
-- Extracting source D:/a/kotek/kotek/vcpkg/downloads/boostorg-compat-boost-1.91.0.tar.gz
-- Using source at D:/a/kotek/kotek/vcpkg/buildtrees/boost-compat/src/ost-1.91.0-7c0d84b250.clean
warning: The vcpkg D:\a\kotek\kotek\vcpkg\vcpkg.exe is using detected vcpkg root D:\a\kotek\kotek\vcpkg and ignoring mismatched VCPKG_ROOT environment value C:\Program Files\Microsoft Visual Studio\2022\Enterprise\VC\vcpkg. To suppress this message, unset the environment variable or use the --vcpkg-root command line switch.
-- Configuring x64-windows-static
-- Building x64-windows-static-rel
-- Installing: D:/a/kotek/kotek/vcpkg/packages/boost-compat_x64-windows-static/share/boost-compat/copyright
-- Performing post-build validation
Starting submission of boost-compat:x64-windows-static@1.91.0 to 1 binary cache(s) in the background
Elapsed time to handle boost-compat:x64-windows-static: 1.7 s
Completed submission of boost-throw-exception:x64-windows-static@1.91.0 to 1 binary cache(s) in 53.6 ms
Installing 9/21 boost-core:x64-windows-static@1.91.0...
boost-core:x64-windows-static@1.91.0 package ABI: 3ae390fa79f4d9673139bf0e19b44ec3796c78a0a2ce478489fb84598c574343
Building boost-core:x64-windows-static@1.91.0...
Downloading https://github.com/boostorg/core/archive/boost-1.91.0.tar.gz -> boostorg-core-boost-1.91.0.tar.gz
Successfully downloaded boostorg-core-boost-1.91.0.tar.gz
-- Extracting source D:/a/kotek/kotek/vcpkg/downloads/boostorg-core-boost-1.91.0.tar.gz
-- Using source at D:/a/kotek/kotek/vcpkg/buildtrees/boost-core/src/ost-1.91.0-2ac64990bd.clean
warning: The vcpkg D:\a\kotek\kotek\vcpkg\vcpkg.exe is using detected vcpkg root D:\a\kotek\kotek\vcpkg and ignoring mismatched VCPKG_ROOT environment value C:\Program Files\Microsoft Visual Studio\2022\Enterprise\VC\vcpkg. To suppress this message, unset the environment variable or use the --vcpkg-root command line switch.
-- Configuring x64-windows-static
-- Building x64-windows-static-rel
-- Installing: D:/a/kotek/kotek/vcpkg/packages/boost-core_x64-windows-static/share/boost-core/copyright
-- Performing post-build validation
Starting submission of boost-core:x64-windows-static@1.91.0 to 1 binary cache(s) in the background
Elapsed time to handle boost-core:x64-windows-static: 1.7 s
Completed submission of boost-compat:x64-windows-static@1.91.0 to 1 binary cache(s) in 59.7 ms
Installing 10/21 boost-move:x64-windows-static@1.91.0...
boost-move:x64-windows-static@1.91.0 package ABI: d4fe5ab48e9fbbab5cc2e541f81065b10f1ff3d0bd949e99af88054defdc0719
Building boost-move:x64-windows-static@1.91.0...
Downloading https://github.com/boostorg/move/archive/boost-1.91.0.tar.gz -> boostorg-move-boost-1.91.0.tar.gz
Successfully downloaded boostorg-move-boost-1.91.0.tar.gz
-- Extracting source D:/a/kotek/kotek/vcpkg/downloads/boostorg-move-boost-1.91.0.tar.gz
-- Using source at D:/a/kotek/kotek/vcpkg/buildtrees/boost-move/src/ost-1.91.0-ffda78865d.clean
warning: The vcpkg D:\a\kotek\kotek\vcpkg\vcpkg.exe is using detected vcpkg root D:\a\kotek\kotek\vcpkg and ignoring mismatched VCPKG_ROOT environment value C:\Program Files\Microsoft Visual Studio\2022\Enterprise\VC\vcpkg. To suppress this message, unset the environment variable or use the --vcpkg-root command line switch.
-- Configuring x64-windows-static
-- Building x64-windows-static-rel
-- Installing: D:/a/kotek/kotek/vcpkg/packages/boost-move_x64-windows-static/share/boost-move/copyright
-- Performing post-build validation
Starting submission of boost-move:x64-windows-static@1.91.0 to 1 binary cache(s) in the background
Elapsed time to handle boost-move:x64-windows-static: 1.7 s
Completed submission of boost-core:x64-windows-static@1.91.0 to 1 binary cache(s) in 65 ms
Installing 11/21 boost-intrusive:x64-windows-static@1.91.0...
boost-intrusive:x64-windows-static@1.91.0 package ABI: 25c0e9f4c5af9b0af201e0cc8cf2d668c90265d865e45a561f18f8b3b16d4c62
Building boost-intrusive:x64-windows-static@1.91.0...
Downloading https://github.com/boostorg/intrusive/archive/boost-1.91.0.tar.gz -> boostorg-intrusive-boost-1.91.0.tar.gz
Successfully downloaded boostorg-intrusive-boost-1.91.0.tar.gz
-- Extracting source D:/a/kotek/kotek/vcpkg/downloads/boostorg-intrusive-boost-1.91.0.tar.gz
-- Using source at D:/a/kotek/kotek/vcpkg/buildtrees/boost-intrusive/src/ost-1.91.0-466e81d1d2.clean
warning: The vcpkg D:\a\kotek\kotek\vcpkg\vcpkg.exe is using detected vcpkg root D:\a\kotek\kotek\vcpkg and ignoring mismatched VCPKG_ROOT environment value C:\Program Files\Microsoft Visual Studio\2022\Enterprise\VC\vcpkg. To suppress this message, unset the environment variable or use the --vcpkg-root command line switch.
-- Configuring x64-windows-static
-- Building x64-windows-static-rel
-- Installing: D:/a/kotek/kotek/vcpkg/packages/boost-intrusive_x64-windows-static/share/boost-intrusive/copyright
-- Performing post-build validation
Starting submission of boost-intrusive:x64-windows-static@1.91.0 to 1 binary cache(s) in the background
Elapsed time to handle boost-intrusive:x64-windows-static: 1.7 s
Completed submission of boost-move:x64-windows-static@1.91.0 to 1 binary cache(s) in 68.5 ms
Installing 12/21 boost-container:x64-windows-static@1.91.0...
boost-container:x64-windows-static@1.91.0 package ABI: 78ea6c6969ed14a421b9b5b3d51b3475afdcb9ea0374c4c61715dd45bfc4eec0
Building boost-container:x64-windows-static@1.91.0...
Downloading https://github.com/boostorg/container/archive/boost-1.91.0.tar.gz -> boostorg-container-boost-1.91.0.tar.gz
Successfully downloaded boostorg-container-boost-1.91.0.tar.gz
-- Extracting source D:/a/kotek/kotek/vcpkg/downloads/boostorg-container-boost-1.91.0.tar.gz
-- Applying patch posix-threads.diff
-- Using source at D:/a/kotek/kotek/vcpkg/buildtrees/boost-container/src/ost-1.91.0-34ef7e044f.clean
warning: The vcpkg D:\a\kotek\kotek\vcpkg\vcpkg.exe is using detected vcpkg root D:\a\kotek\kotek\vcpkg and ignoring mismatched VCPKG_ROOT environment value C:\Program Files\Microsoft Visual Studio\2022\Enterprise\VC\vcpkg. To suppress this message, unset the environment variable or use the --vcpkg-root command line switch.
-- Configuring x64-windows-static
-- Building x64-windows-static-dbg
-- Building x64-windows-static-rel
-- Installing: D:/a/kotek/kotek/vcpkg/packages/boost-container_x64-windows-static/share/boost-container/copyright
-- Performing post-build validation
Starting submission of boost-container:x64-windows-static@1.91.0 to 1 binary cache(s) in the background
Elapsed time to handle boost-container:x64-windows-static: 4.1 s
Completed submission of boost-intrusive:x64-windows-static@1.91.0 to 1 binary cache(s) in 106 ms
Installing 13/21 boost-mp11:x64-windows-static@1.91.0...
boost-mp11:x64-windows-static@1.91.0 package ABI: 826c2d9afde48b8e95ac44294a8a9a7f9ad659aaf38f1fea48a16f28943e631e
Building boost-mp11:x64-windows-static@1.91.0...
Downloading https://github.com/boostorg/mp11/archive/boost-1.91.0.tar.gz -> boostorg-mp11-boost-1.91.0.tar.gz
Successfully downloaded boostorg-mp11-boost-1.91.0.tar.gz
-- Extracting source D:/a/kotek/kotek/vcpkg/downloads/boostorg-mp11-boost-1.91.0.tar.gz
-- Using source at D:/a/kotek/kotek/vcpkg/buildtrees/boost-mp11/src/ost-1.91.0-18239300bd.clean
warning: The vcpkg D:\a\kotek\kotek\vcpkg\vcpkg.exe is using detected vcpkg root D:\a\kotek\kotek\vcpkg and ignoring mismatched VCPKG_ROOT environment value C:\Program Files\Microsoft Visual Studio\2022\Enterprise\VC\vcpkg. To suppress this message, unset the environment variable or use the --vcpkg-root command line switch.
-- Configuring x64-windows-static
-- Building x64-windows-static-rel
-- Installing: D:/a/kotek/kotek/vcpkg/packages/boost-mp11_x64-windows-static/share/boost-mp11/copyright
-- Performing post-build validation
Starting submission of boost-mp11:x64-windows-static@1.91.0 to 1 binary cache(s) in the background
Elapsed time to handle boost-mp11:x64-windows-static: 1.6 s
Completed submission of boost-container:x64-windows-static@1.91.0 to 1 binary cache(s) in 229 ms
Installing 14/21 boost-describe:x64-windows-static@1.91.0...
boost-describe:x64-windows-static@1.91.0 package ABI: 8d9e6970cf5c30df3e5f6d345b40174c1e4d6fd7e5640c1ca3d1d8f9b8c6f917
Building boost-describe:x64-windows-static@1.91.0...
Downloading https://github.com/boostorg/describe/archive/boost-1.91.0.tar.gz -> boostorg-describe-boost-1.91.0.tar.gz
Successfully downloaded boostorg-describe-boost-1.91.0.tar.gz
-- Extracting source D:/a/kotek/kotek/vcpkg/downloads/boostorg-describe-boost-1.91.0.tar.gz
-- Using source at D:/a/kotek/kotek/vcpkg/buildtrees/boost-describe/src/ost-1.91.0-67fa6d2e8c.clean
warning: The vcpkg D:\a\kotek\kotek\vcpkg\vcpkg.exe is using detected vcpkg root D:\a\kotek\kotek\vcpkg and ignoring mismatched VCPKG_ROOT environment value C:\Program Files\Microsoft Visual Studio\2022\Enterprise\VC\vcpkg. To suppress this message, unset the environment variable or use the --vcpkg-root command line switch.
-- Configuring x64-windows-static
-- Building x64-windows-static-rel
-- Installing: D:/a/kotek/kotek/vcpkg/packages/boost-describe_x64-windows-static/share/boost-describe/copyright
-- Performing post-build validation
Starting submission of boost-describe:x64-windows-static@1.91.0 to 1 binary cache(s) in the background
Elapsed time to handle boost-describe:x64-windows-static: 1.6 s
Completed submission of boost-mp11:x64-windows-static@1.91.0 to 1 binary cache(s) in 59.9 ms
Installing 15/21 boost-container-hash:x64-windows-static@1.91.0...
boost-container-hash:x64-windows-static@1.91.0 package ABI: f00a6886381f5967ea12987852ff99eeac5169b1288085a780fe31720df2bb19
Building boost-container-hash:x64-windows-static@1.91.0...
Downloading https://github.com/boostorg/container_hash/archive/boost-1.91.0.tar.gz -> boostorg-container_hash-boost-1.91.0.tar.gz
Successfully downloaded boostorg-container_hash-boost-1.91.0.tar.gz
-- Extracting source D:/a/kotek/kotek/vcpkg/downloads/boostorg-container_hash-boost-1.91.0.tar.gz
-- Using source at D:/a/kotek/kotek/vcpkg/buildtrees/boost-container-hash/src/ost-1.91.0-67bb2e91d5.clean
warning: The vcpkg D:\a\kotek\kotek\vcpkg\vcpkg.exe is using detected vcpkg root D:\a\kotek\kotek\vcpkg and ignoring mismatched VCPKG_ROOT environment value C:\Program Files\Microsoft Visual Studio\2022\Enterprise\VC\vcpkg. To suppress this message, unset the environment variable or use the --vcpkg-root command line switch.
-- Configuring x64-windows-static
-- Building x64-windows-static-rel
-- Installing: D:/a/kotek/kotek/vcpkg/packages/boost-container-hash_x64-windows-static/share/boost-container-hash/copyright
-- Performing post-build validation
Starting submission of boost-container-hash:x64-windows-static@1.91.0 to 1 binary cache(s) in the background
Elapsed time to handle boost-container-hash:x64-windows-static: 1.6 s
Completed submission of boost-describe:x64-windows-static@1.91.0 to 1 binary cache(s) in 57.7 ms
Installing 16/21 boost-endian:x64-windows-static@1.91.0...
boost-endian:x64-windows-static@1.91.0 package ABI: 8923db86f123f6275b6f010381e72b8467ea302f99d94305e87bdee8d830725b
Building boost-endian:x64-windows-static@1.91.0...
Downloading https://github.com/boostorg/endian/archive/boost-1.91.0.tar.gz -> boostorg-endian-boost-1.91.0.tar.gz
Successfully downloaded boostorg-endian-boost-1.91.0.tar.gz
-- Extracting source D:/a/kotek/kotek/vcpkg/downloads/boostorg-endian-boost-1.91.0.tar.gz
-- Using source at D:/a/kotek/kotek/vcpkg/buildtrees/boost-endian/src/ost-1.91.0-267efcfed2.clean
warning: The vcpkg D:\a\kotek\kotek\vcpkg\vcpkg.exe is using detected vcpkg root D:\a\kotek\kotek\vcpkg and ignoring mismatched VCPKG_ROOT environment value C:\Program Files\Microsoft Visual Studio\2022\Enterprise\VC\vcpkg. To suppress this message, unset the environment variable or use the --vcpkg-root command line switch.
-- Configuring x64-windows-static
-- Building x64-windows-static-rel
-- Installing: D:/a/kotek/kotek/vcpkg/packages/boost-endian_x64-windows-static/share/boost-endian/copyright
-- Performing post-build validation
Starting submission of boost-endian:x64-windows-static@1.91.0 to 1 binary cache(s) in the background
Elapsed time to handle boost-endian:x64-windows-static: 1.6 s
Completed submission of boost-container-hash:x64-windows-static@1.91.0 to 1 binary cache(s) in 55.9 ms
Installing 17/21 boost-variant2:x64-windows-static@1.91.0...
boost-variant2:x64-windows-static@1.91.0 package ABI: 4a0e716b536be8036dcd42663a49b82cae58f1981e4b4ed145a33357365d4b26
Building boost-variant2:x64-windows-static@1.91.0...
Downloading https://github.com/boostorg/variant2/archive/boost-1.91.0.tar.gz -> boostorg-variant2-boost-1.91.0.tar.gz
Successfully downloaded boostorg-variant2-boost-1.91.0.tar.gz
-- Extracting source D:/a/kotek/kotek/vcpkg/downloads/boostorg-variant2-boost-1.91.0.tar.gz
-- Using source at D:/a/kotek/kotek/vcpkg/buildtrees/boost-variant2/src/ost-1.91.0-4c2d2d39ff.clean
warning: The vcpkg D:\a\kotek\kotek\vcpkg\vcpkg.exe is using detected vcpkg root D:\a\kotek\kotek\vcpkg and ignoring mismatched VCPKG_ROOT environment value C:\Program Files\Microsoft Visual Studio\2022\Enterprise\VC\vcpkg. To suppress this message, unset the environment variable or use the --vcpkg-root command line switch.
-- Configuring x64-windows-static
-- Building x64-windows-static-rel
-- Installing: D:/a/kotek/kotek/vcpkg/packages/boost-variant2_x64-windows-static/share/boost-variant2/copyright
-- Performing post-build validation
Starting submission of boost-variant2:x64-windows-static@1.91.0 to 1 binary cache(s) in the background
Elapsed time to handle boost-variant2:x64-windows-static: 1.6 s
Completed submission of boost-endian:x64-windows-static@1.91.0 to 1 binary cache(s) in 58.6 ms
Installing 18/21 boost-predef:x64-windows-static@1.91.0...
boost-predef:x64-windows-static@1.91.0 package ABI: e491a4f5aa60912fc8420d7f169621835ecebae0d6097404bb646bf12e6dac7e
Building boost-predef:x64-windows-static@1.91.0...
Downloading https://github.com/boostorg/predef/archive/boost-1.91.0.tar.gz -> boostorg-predef-boost-1.91.0.tar.gz
Successfully downloaded boostorg-predef-boost-1.91.0.tar.gz
-- Extracting source D:/a/kotek/kotek/vcpkg/downloads/boostorg-predef-boost-1.91.0.tar.gz
-- Using source at D:/a/kotek/kotek/vcpkg/buildtrees/boost-predef/src/ost-1.91.0-1f362b7212.clean
warning: The vcpkg D:\a\kotek\kotek\vcpkg\vcpkg.exe is using detected vcpkg root D:\a\kotek\kotek\vcpkg and ignoring mismatched VCPKG_ROOT environment value C:\Program Files\Microsoft Visual Studio\2022\Enterprise\VC\vcpkg. To suppress this message, unset the environment variable or use the --vcpkg-root command line switch.
-- Configuring x64-windows-static
-- Building x64-windows-static-rel
-- Installing: D:/a/kotek/kotek/vcpkg/packages/boost-predef_x64-windows-static/share/boost-predef/copyright
-- Performing post-build validation
Starting submission of boost-predef:x64-windows-static@1.91.0 to 1 binary cache(s) in the background
Elapsed time to handle boost-predef:x64-windows-static: 1.7 s
Completed submission of boost-variant2:x64-windows-static@1.91.0 to 1 binary cache(s) in 67.6 ms
Installing 19/21 boost-winapi:x64-windows-static@1.91.0...
boost-winapi:x64-windows-static@1.91.0 package ABI: 89b508082a119561103f495555a1c40eac16ec371de5006970adc3495f15adfa
Building boost-winapi:x64-windows-static@1.91.0...
Downloading https://github.com/boostorg/winapi/archive/boost-1.91.0.tar.gz -> boostorg-winapi-boost-1.91.0.tar.gz
Successfully downloaded boostorg-winapi-boost-1.91.0.tar.gz
-- Extracting source D:/a/kotek/kotek/vcpkg/downloads/boostorg-winapi-boost-1.91.0.tar.gz
-- Using source at D:/a/kotek/kotek/vcpkg/buildtrees/boost-winapi/src/ost-1.91.0-1930f2e233.clean
warning: The vcpkg D:\a\kotek\kotek\vcpkg\vcpkg.exe is using detected vcpkg root D:\a\kotek\kotek\vcpkg and ignoring mismatched VCPKG_ROOT environment value C:\Program Files\Microsoft Visual Studio\2022\Enterprise\VC\vcpkg. To suppress this message, unset the environment variable or use the --vcpkg-root command line switch.
-- Configuring x64-windows-static
-- Building x64-windows-static-rel
-- Installing: D:/a/kotek/kotek/vcpkg/packages/boost-winapi_x64-windows-static/share/boost-winapi/copyright
-- Performing post-build validation
Starting submission of boost-winapi:x64-windows-static@1.91.0 to 1 binary cache(s) in the background
Elapsed time to handle boost-winapi:x64-windows-static: 1.7 s
Completed submission of boost-predef:x64-windows-static@1.91.0 to 1 binary cache(s) in 70.7 ms
Installing 20/21 boost-system:x64-windows-static@1.91.0...
boost-system:x64-windows-static@1.91.0 package ABI: 9a16ed6463ef2a2b9998933921b3dbc300ba7f06fbb0e327915f8de45533c188
Building boost-system:x64-windows-static@1.91.0...
CMake Warning at scripts/cmake/vcpkg_buildpath_length_warning.cmake:4 (message):
  boost-system's buildsystem uses very long paths and may fail on your
  system.

  We recommend moving vcpkg to a short path such as 'C:\src\vcpkg' or using
  the subst command.
Call Stack (most recent call first):
  ports/boost-system/portfile.cmake:3 (vcpkg_buildpath_length_warning)
  scripts/ports.cmake:206 (include)


Downloading https://github.com/boostorg/system/archive/boost-1.91.0.tar.gz -> boostorg-system-boost-1.91.0.tar.gz
Successfully downloaded boostorg-system-boost-1.91.0.tar.gz
-- Extracting source D:/a/kotek/kotek/vcpkg/downloads/boostorg-system-boost-1.91.0.tar.gz
-- Using source at D:/a/kotek/kotek/vcpkg/buildtrees/boost-system/src/ost-1.91.0-8ae221950f.clean
warning: The vcpkg D:\a\kotek\kotek\vcpkg\vcpkg.exe is using detected vcpkg root D:\a\kotek\kotek\vcpkg and ignoring mismatched VCPKG_ROOT environment value C:\Program Files\Microsoft Visual Studio\2022\Enterprise\VC\vcpkg. To suppress this message, unset the environment variable or use the --vcpkg-root command line switch.
-- Configuring x64-windows-static
-- Building x64-windows-static-rel
-- Installing: D:/a/kotek/kotek/vcpkg/packages/boost-system_x64-windows-static/share/boost-system/copyright
-- Performing post-build validation
Starting submission of boost-system:x64-windows-static@1.91.0 to 1 binary cache(s) in the background
Elapsed time to handle boost-system:x64-windows-static: 1.7 s
Completed submission of boost-winapi:x64-windows-static@1.91.0 to 1 binary cache(s) in 82.2 ms
Installing 21/21 boost-json:x64-windows-static@1.91.0...
boost-json:x64-windows-static@1.91.0 package ABI: 467b19cdb1de35a254a1540829f09c39f6013bc6958a793a232ff466e4ad93fe
Building boost-json:x64-windows-static@1.91.0...
Downloading https://github.com/boostorg/json/archive/boost-1.91.0.tar.gz -> boostorg-json-boost-1.91.0.tar.gz
Successfully downloaded boostorg-json-boost-1.91.0.tar.gz
-- Extracting source D:/a/kotek/kotek/vcpkg/downloads/boostorg-json-boost-1.91.0.tar.gz
-- Using source at D:/a/kotek/kotek/vcpkg/buildtrees/boost-json/src/ost-1.91.0-07bc5f80eb.clean
warning: The vcpkg D:\a\kotek\kotek\vcpkg\vcpkg.exe is using detected vcpkg root D:\a\kotek\kotek\vcpkg and ignoring mismatched VCPKG_ROOT environment value C:\Program Files\Microsoft Visual Studio\2022\Enterprise\VC\vcpkg. To suppress this message, unset the environment variable or use the --vcpkg-root command line switch.
-- Configuring x64-windows-static
-- Building x64-windows-static-dbg
-- Building x64-windows-static-rel
-- Installing: D:/a/kotek/kotek/vcpkg/packages/boost-json_x64-windows-static/share/boost-json/copyright
-- Performing post-build validation
Starting submission of boost-json:x64-windows-static@1.91.0 to 1 binary cache(s) in the background
Elapsed time to handle boost-json:x64-windows-static: 13 s
Total install time: 45 s
Installed contents are licensed to you by owners. Microsoft is not responsible for, nor does it grant any licenses to, third-party packages.
Packages installed in this vcpkg installation declare the following licenses:
BSL-1.0
MIT
The package boost-json is compatible with built-in CMake targets of FindBoost.cmake:

    find_package(Boost REQUIRED COMPONENTS json)
    target_link_libraries(main PRIVATE Boost::json)

or the generated cmake configs via:

    find_package( REQUIRED CONFIG)
    target_link_libraries(main PRIVATE Boost::json)

Completed submission of boost-system:x64-windows-static@1.91.0 to 1 binary cache(s) in 58.7 ms
Waiting for 1 remaining binary cache submissions...
Completed submission of boost-json:x64-windows-static@1.91.0 to 1 binary cache(s) in 635 ms (1/1)
All requested installations completed successfully in: 45 s
